mage-ender milieu {"hp":91,"armor":64,"tough":20,"red250":0.8,"eva":0.349,"dodge":0.349,"hit":4,"spd":1.4,"critC":0.05,"critD":1.5,"dps":5.2,"arrow":0,"mana":471,"regen":9.4,"sp":1.16,"fire":1,"ice":1,"holy":0,"lightning":1,"blood":1,"ender":10.17,"nature":1,"evoc":1,"eld":1,"summon":1,"cdr":2,"nodes":45}
mage-ender fin {"hp":265,"armor":100,"tough":28,"red250":0.8,"eva":0.492,"dodge":0.492,"hit":4,"spd":1.4,"critC":0.05,"critD":1.5,"dps":5.2,"arrow":0,"mana":504,"regen":13.1,"sp":1.58,"fire":1,"ice":1,"holy":0,"lightning":1,"blood":1,"ender":233.1,"nature":1,"evoc":1,"eld":1,"summon":1,"cdr":2.25,"nodes":87}
justicier milieu {"hp":143,"armor":64,"tough":20,"red250":0.8,"eva":0.349,"dodge":0.349,"hit":4,"spd":1.4,"critC":0.05,"critD":1.5,"dps":5.2,"arrow":0,"mana":471,"regen":9.4,"sp":1.16,"fire":1,"ice":1,"holy":10.17,"lightning":1,"blood":1,"ender":0,"nature":1,"evoc":1,"eld":1,"summon":1,"cdr":2,"nodes":45}
justicier fin {"hp":397,"armor":100,"tough":28,"red250":0.8,"eva":0.492,"dodge":0.492,"hit":4,"spd":1.4,"critC":0.05,"critD":1.5,"dps":5.2,"arrow":0,"mana":504,"regen":13.1,"sp":1.58,"fire":1,"ice":1,"holy":233.1,"lightning":1,"blood":1,"ender":0,"nature":1,"evoc":1,"eld":1,"summon":1,"cdr":2.25,"nodes":87}
mage-feu milieu {"hp":148,"armor":56,"tough":20,"red250":0.8,"eva":0.349,"dodge":0.349,"hit":36,"spd":1.4,"critC":0.05,"critD":1.5,"dps":46.5,"arrow":32,"mana":157,"regen":3.1,"sp":1.16,"fire":6.78,"ice":0,"holy":1,"lightning":1,"blood":1,"ender":1,"nature":1,"evoc":1,"eld":1,"summon":1,"cdr":1.8,"nodes":45}
mage-feu fin {"hp":397,"armor":100,"tough":28,"red250":0.8,"eva":0.492,"dodge":0.492,"hit":36,"spd":1.4,"critC":0.05,"critD":1.5,"dps":46.5,"arrow":32,"mana":168,"regen":4.4,"sp":1.58,"fire":155.4,"ice":0,"holy":1,"lightning":1,"blood":1,"ender":1,"nature":1,"evoc":1,"eld":1,"summon":1,"cdr":2.25,"nodes":87}
mage-foudre milieu {"hp":143,"armor":64,"tough":20,"red250":0.8,"eva":0.349,"dodge":0.349,"hit":13,"spd":1.4,"critC":0.05,"critD":1.5,"dps":16.8,"arrow":0,"mana":157,"regen":3.1,"sp":1.16,"fire":1,"ice":1,"holy":1,"lightning":2.26,"blood":1,"ender":1,"nature":1,"evoc":1,"eld":1,"summon":1,"cdr":2,"nodes":45}
mage-foudre fin {"hp":397,"armor":100,"tough":28,"red250":0.8,"eva":0.492,"dodge":0.492,"hit":14.9,"spd":1.4,"critC":0.05,"critD":1.5,"dps":19.3,"arrow":0,"mana":168,"regen":4.4,"sp":1.58,"fire":1,"ice":1,"holy":1,"lightning":51.8,"blood":1,"ender":1,"nature":1,"evoc":1,"eld":1,"summon":1,"cdr":2.25,"nodes":87}
necro milieu {"hp":132,"armor":57,"tough":20,"red250":0.8,"eva":0.384,"dodge":0.384,"hit":4,"spd":1.4,"critC":0.05,"critD":1.5,"dps":5.2,"arrow":0,"mana":214,"regen":5.4,"sp":1.32,"fire":1,"ice":1,"holy":1,"lightning":1,"blood":1.2,"ender":1,"nature":1,"evoc":1,"eld":1,"summon":6.08,"cdr":1,"nodes":45}
necro fin {"hp":377,"armor":100,"tough":28,"red250":0.8,"eva":0.492,"dodge":0.492,"hit":4,"spd":1.4,"critC":0.05,"critD":1.5,"dps":5.2,"arrow":0,"mana":440,"regen":11.4,"sp":1.58,"fire":1,"ice":1,"holy":1,"lightning":1,"blood":4.65,"ender":1,"nature":1,"evoc":1,"eld":1,"summon":119.17,"cdr":1,"nodes":82}
archer milieu {"hp":101,"armor":66,"tough":16,"red250":0.8,"eva":0.343,"dodge":0.343,"hit":7,"spd":4,"critC":0.05,"critD":1.5,"dps":66.9,"arrow":24.2,"mana":100,"regen":2,"sp":1,"fire":1,"ice":1,"holy":1,"lightning":1,"blood":1,"ender":1,"nature":1,"evoc":1,"eld":1,"summon":1,"cdr":1,"nodes":45}
archer fin {"hp":269,"armor":100,"tough":28,"red250":0.8,"eva":0.492,"dodge":0.492,"hit":64,"spd":4,"critC":1.56,"critD":3.15,"dps":7025.5,"arrow":201.5,"mana":100,"regen":2,"sp":1,"fire":1,"ice":1,"holy":1,"lightning":1,"blood":1,"ender":1,"nature":1,"evoc":1,"eld":1,"summon":1,"cdr":1,"nodes":95}
berserker milieu {"hp":150,"armor":72,"tough":20,"red250":0.8,"eva":0.133,"dodge":0.133,"hit":24.8,"spd":1,"critC":0.59,"critD":2,"dps":35.5,"arrow":4.8,"mana":100,"regen":2,"sp":1,"fire":1,"ice":1,"holy":1,"lightning":1,"blood":1,"ender":1,"nature":1,"evoc":1,"eld":1,"summon":1,"cdr":1,"nodes":45}
berserker fin {"hp":350,"armor":112,"tough":28,"red250":0.8,"eva":0.47,"dodge":0.47,"hit":77.2,"spd":1.36,"critC":2.51,"critD":3.64,"dps":1941.5,"arrow":50.4,"mana":100,"regen":2,"sp":1,"fire":1,"ice":1,"holy":1,"lightning":1,"blood":1,"ender":1,"nature":1,"evoc":1,"eld":1,"summon":1,"cdr":1,"nodes":100}
chevalier milieu {"hp":189,"armor":63,"tough":20,"red250":0.8,"eva":0.356,"dodge":0.356,"hit":29.8,"spd":2.17,"critC":0.05,"critD":1.5,"dps":59.7,"arrow":0,"mana":100,"regen":2,"sp":1,"fire":1,"ice":1,"holy":1,"lightning":1,"blood":1,"ender":1,"nature":1,"evoc":1,"eld":1,"summon":1,"cdr":1,"nodes":45}
chevalier fin {"hp":518,"armor":124,"tough":36,"red250":0.8,"eva":0.477,"dodge":0.647,"hit":108,"spd":3.16,"critC":1.85,"critD":3.06,"dps":2222.7,"arrow":63,"mana":100,"regen":2,"sp":1,"fire":1,"ice":1,"holy":1,"lightning":1,"blood":1,"ender":1,"nature":1,"evoc":1,"eld":1,"summon":1,"cdr":1,"nodes":100}
assassin milieu {"hp":143,"armor":56,"tough":19.65,"red250":0.8,"eva":0.343,"dodge":0.343,"hit":29.8,"spd":2.3,"critC":0.05,"critD":1.5,"dps":63.3,"arrow":6,"mana":100,"regen":2,"sp":1,"fire":1,"ice":1,"holy":1,"lightning":1,"blood":1,"ender":1,"nature":1,"evoc":1,"eld":1,"summon":1,"cdr":1,"nodes":45}
assassin fin {"hp":412,"armor":66,"tough":19.2,"red250":0.8,"eva":0.489,"dodge":0.591,"hit":54,"spd":5.36,"critC":1.19,"critD":2.41,"dps":751.2,"arrow":12,"mana":100,"regen":2,"sp":1,"fire":1,"ice":1,"holy":1,"lightning":1,"blood":1,"ender":1,"nature":1,"evoc":1,"eld":1,"summon":1,"cdr":1,"nodes":100}
paladin-feu milieu {"hp":162,"armor":58,"tough":20,"red250":0.8,"eva":0.133,"dodge":0.133,"hit":32.8,"spd":2.05,"critC":0.05,"critD":1.5,"dps":62,"arrow":7,"mana":100,"regen":2,"sp":1,"fire":3,"ice":0,"holy":1,"lightning":1,"blood":1,"ender":1,"nature":1,"evoc":1,"eld":1,"summon":1,"cdr":1,"nodes":45}
paladin-feu fin {"hp":410,"armor":112,"tough":28,"red250":0.8,"eva":0.47,"dodge":0.47,"hit":96.3,"spd":3.95,"critC":0.52,"critD":2.15,"dps":546.4,"arrow":75.6,"mana":100,"regen":2,"sp":1,"fire":13.2,"ice":0,"holy":1,"lightning":1,"blood":1,"ender":1,"nature":1,"evoc":1,"eld":1,"summon":1,"cdr":1,"nodes":100}
druide milieu {"hp":156,"armor":65,"tough":20,"red250":0.8,"eva":0.185,"dodge":0.185,"hit":4,"spd":1.4,"critC":0.05,"critD":1.5,"dps":5.2,"arrow":0,"mana":157,"regen":3.1,"sp":1.16,"fire":1,"ice":1,"holy":1,"lightning":1,"blood":1,"ender":1,"nature":4.34,"evoc":1,"eld":1,"summon":1,"cdr":2,"nodes":45}
druide fin {"hp":397,"armor":100,"tough":28,"red250":0.8,"eva":0.492,"dodge":0.492,"hit":4,"spd":1.4,"critC":0.05,"critD":1.5,"dps":5.2,"arrow":0,"mana":168,"regen":4.4,"sp":1.58,"fire":1,"ice":1,"holy":1,"lightning":1,"blood":1,"ender":1,"nature":99.61,"evoc":1,"eld":1,"summon":1,"cdr":2.25,"nodes":88}
chasseur-tresors milieu {"hp":112,"armor":36,"tough":16,"red250":0.288,"eva":0.343,"dodge":0.343,"hit":25.8,"spd":2.3,"critC":0.05,"critD":1.5,"dps":54.8,"arrow":0,"mana":100,"regen":2,"sp":1,"fire":1,"ice":1,"holy":1,"lightning":1,"blood":1,"ender":1,"nature":1,"evoc":1,"eld":1,"summon":1,"cdr":1,"nodes":45}
chasseur-tresors fin {"hp":358,"armor":72,"tough":16,"red250":0.8,"eva":0.436,"dodge":0.436,"hit":49.2,"spd":3.73,"critC":0.52,"critD":2.15,"dps":263.7,"arrow":0,"mana":100,"regen":2,"sp":1,"fire":1,"ice":1,"holy":1,"lightning":1,"blood":1,"ender":1,"nature":1,"evoc":1,"eld":1,"summon":1,"cdr":1,"nodes":100}
OK 24
