mage-ender milieu {"hp":182,"armor":58,"tough":20,"red250":0.8,"eva":0.073,"dodge":0.073,"hit":5,"spd":1.4,"critC":0.05,"critD":1.5,"dps":6.5,"arrow":0,"mana":471,"regen":9.4,"sp":1.16,"fire":1,"ice":1,"holy":0,"lightning":1,"blood":1,"ender":54.54,"nature":1,"evoc":1,"eld":1,"summon":1,"cdr":2,"nodes":45}
mage-ender fin {"hp":389,"armor":103,"tough":28,"red250":0.8,"eva":0.463,"dodge":0.463,"hit":5.8,"spd":1.4,"critC":0.05,"critD":1.5,"dps":7.5,"arrow":0,"mana":1320,"regen":41.7,"sp":1.58,"fire":1,"ice":1,"holy":0,"lightning":1,"blood":1,"ender":2074.11,"nature":1,"evoc":1,"eld":1,"summon":1,"cdr":2.25,"nodes":100}
justicier milieu {"hp":180,"armor":67,"tough":20,"red250":0.8,"eva":0.362,"dodge":0.362,"hit":5,"spd":1.4,"critC":0.05,"critD":1.5,"dps":6.5,"arrow":0,"mana":471,"regen":9.4,"sp":1.16,"fire":1,"ice":1,"holy":34.09,"lightning":1,"blood":1,"ender":0,"nature":1,"evoc":1,"eld":1,"summon":1,"cdr":2,"nodes":45}
justicier fin {"hp":453,"armor":103,"tough":28,"red250":0.8,"eva":0.489,"dodge":0.489,"hit":5,"spd":1.4,"critC":0.05,"critD":1.5,"dps":6.5,"arrow":0,"mana":1320,"regen":41.7,"sp":1.58,"fire":1,"ice":1,"holy":3318.58,"lightning":1,"blood":1,"ender":0,"nature":1,"evoc":1,"eld":1,"summon":1,"cdr":2.25,"nodes":100}
mage-feu milieu {"hp":180,"armor":60,"tough":20,"red250":0.8,"eva":0.284,"dodge":0.284,"hit":45,"spd":1.4,"critC":0.05,"critD":1.5,"dps":58.1,"arrow":40,"mana":157,"regen":3.1,"sp":1.32,"fire":44.95,"ice":0,"holy":1,"lightning":1,"blood":1,"ender":1,"nature":1,"evoc":1,"eld":1,"summon":1,"cdr":2,"nodes":45}
mage-feu fin {"hp":453,"armor":103,"tough":28,"red250":0.8,"eva":0.489,"dodge":0.489,"hit":45,"spd":1.4,"critC":0.05,"critD":1.5,"dps":58.1,"arrow":40,"mana":440,"regen":13.9,"sp":1.58,"fire":2212.39,"ice":0,"holy":1,"lightning":1,"blood":1,"ender":1,"nature":1,"evoc":1,"eld":1,"summon":1,"cdr":2.25,"nodes":100}
mage-foudre milieu {"hp":180,"armor":67,"tough":20,"red250":0.8,"eva":0.362,"dodge":0.362,"hit":16.3,"spd":1.4,"critC":0.05,"critD":1.5,"dps":21,"arrow":0,"mana":157,"regen":3.1,"sp":1.16,"fire":1,"ice":1,"holy":1,"lightning":7.57,"blood":1,"ender":1,"nature":1,"evoc":1,"eld":1,"summon":1,"cdr":2,"nodes":45}
mage-foudre fin {"hp":453,"armor":103,"tough":28,"red250":0.8,"eva":0.489,"dodge":0.489,"hit":18.2,"spd":1.4,"critC":0.05,"critD":1.5,"dps":23.5,"arrow":0,"mana":440,"regen":13.9,"sp":1.58,"fire":1,"ice":1,"holy":1,"lightning":737.46,"blood":1,"ender":1,"nature":1,"evoc":1,"eld":1,"summon":1,"cdr":2.25,"nodes":100}
necro milieu {"hp":181,"armor":72,"tough":20,"red250":0.8,"eva":0.133,"dodge":0.133,"hit":5,"spd":1.4,"critC":0.05,"critD":1.5,"dps":6.5,"arrow":0,"mana":214,"regen":5.4,"sp":1.32,"fire":1,"ice":1,"holy":1,"lightning":1,"blood":2.28,"ender":1,"nature":1,"evoc":1,"eld":1,"summon":41.71,"cdr":1,"nodes":45}
necro fin {"hp":418,"armor":103,"tough":28,"red250":0.8,"eva":0.489,"dodge":0.489,"hit":5,"spd":1.4,"critC":0.05,"critD":1.5,"dps":6.5,"arrow":0,"mana":440,"regen":11.4,"sp":1.58,"fire":1,"ice":1,"holy":1,"lightning":1,"blood":16.26,"ender":1,"nature":1,"evoc":1,"eld":1,"summon":1828.8,"cdr":1,"nodes":100}
archer milieu {"hp":173,"armor":60,"tough":17.625,"red250":0.8,"eva":0.104,"dodge":0.104,"hit":154.2,"spd":4,"critC":0.05,"critD":1.5,"dps":1088.9,"arrow":288.6,"mana":100,"regen":2,"sp":1,"fire":1,"ice":1,"holy":1,"lightning":1,"blood":1,"ender":1,"nature":1,"evoc":1,"eld":1,"summon":1,"cdr":1,"nodes":45}
archer fin {"hp":352,"armor":103,"tough":28,"red250":0.8,"eva":0.218,"dodge":0.726,"hit":638.4,"spd":4,"critC":2.59,"critD":4.76,"dps":576431.6,"arrow":3148.7,"mana":100,"regen":2,"sp":1,"fire":1,"ice":1,"holy":1,"lightning":1,"blood":1,"ender":1,"nature":1,"evoc":1,"eld":1,"summon":1,"cdr":1,"nodes":100}
berserker milieu {"hp":180,"armor":61,"tough":20,"red250":0.8,"eva":0.02,"dodge":0.02,"hit":200,"spd":1.12,"critC":1.19,"critD":2.46,"dps":596,"arrow":160,"mana":100,"regen":2,"sp":1,"fire":1,"ice":1,"holy":1,"lightning":1,"blood":1,"ender":1,"nature":1,"evoc":1,"eld":1,"summon":1,"cdr":1,"nodes":45}
berserker fin {"hp":433,"armor":106,"tough":28,"red250":0.8,"eva":0.218,"dodge":0.726,"hit":638,"spd":1.56,"critC":2.83,"critD":5.24,"dps":69304.9,"arrow":540.9,"mana":100,"regen":2,"sp":1,"fire":1,"ice":1,"holy":1,"lightning":1,"blood":1,"ender":1,"nature":1,"evoc":1,"eld":1,"summon":1,"cdr":1,"nodes":100}
chevalier milieu {"hp":213,"armor":56,"tough":20,"red250":0.8,"eva":0.322,"dodge":0.763,"hit":100.4,"spd":2.47,"critC":0.05,"critD":1.5,"dps":228.5,"arrow":37.8,"mana":100,"regen":2,"sp":1,"fire":1,"ice":1,"holy":1,"lightning":1,"blood":1,"ender":1,"nature":1,"evoc":1,"eld":1,"summon":1,"cdr":1,"nodes":45}
chevalier fin {"hp":702,"armor":140,"tough":36,"red250":0.8,"eva":0.315,"dodge":0.815,"hit":512.4,"spd":4.03,"critC":2.39,"critD":4.29,"dps":52503.3,"arrow":375.2,"mana":100,"regen":2,"sp":1,"fire":1,"ice":1,"holy":1,"lightning":1,"blood":1,"ender":1,"nature":1,"evoc":1,"eld":1,"summon":1,"cdr":1,"nodes":100}
assassin milieu {"hp":176,"armor":63,"tough":16,"red250":0.8,"eva":0.196,"dodge":0.719,"hit":96.3,"spd":2.58,"critC":0.05,"critD":1.5,"dps":229.2,"arrow":27,"mana":100,"regen":2,"sp":1,"fire":1,"ice":1,"holy":1,"lightning":1,"blood":1,"ender":1,"nature":1,"evoc":1,"eld":1,"summon":1,"cdr":1,"nodes":45}
assassin fin {"hp":420,"armor":64,"tough":16,"red250":0.8,"eva":0.284,"dodge":0.57,"hit":555.3,"spd":7.12,"critC":2.52,"critD":4.26,"dps":114838.9,"arrow":431.4,"mana":100,"regen":2,"sp":1,"fire":1,"ice":1,"holy":1,"lightning":1,"blood":1,"ender":1,"nature":1,"evoc":1,"eld":1,"summon":1,"cdr":1,"nodes":100}
paladin-feu milieu {"hp":176,"armor":61,"tough":20,"red250":0.8,"eva":0.02,"dodge":0.392,"hit":122.5,"spd":3.17,"critC":0.05,"critD":1.5,"dps":358.3,"arrow":31.9,"mana":100,"regen":2,"sp":1,"fire":7.24,"ice":0,"holy":1,"lightning":1,"blood":1,"ender":1,"nature":1,"evoc":1,"eld":1,"summon":1,"cdr":1,"nodes":45}
paladin-feu fin {"hp":351,"armor":105,"tough":28,"red250":0.8,"eva":0.207,"dodge":0.723,"hit":527.7,"spd":4.64,"critC":2.32,"critD":3.64,"dps":37947.4,"arrow":467.6,"mana":100,"regen":2,"sp":1,"fire":111.67,"ice":0,"holy":1,"lightning":1,"blood":1,"ender":1,"nature":1,"evoc":1,"eld":1,"summon":1,"cdr":1,"nodes":100}
druide milieu {"hp":180,"armor":67,"tough":20,"red250":0.8,"eva":0.362,"dodge":0.362,"hit":5,"spd":1.4,"critC":0.05,"critD":1.5,"dps":6.5,"arrow":0,"mana":157,"regen":3.1,"sp":1.16,"fire":1,"ice":1,"holy":1,"lightning":1,"blood":1,"ender":1,"nature":14.57,"evoc":1,"eld":1,"summon":1,"cdr":2,"nodes":45}
druide fin {"hp":453,"armor":103,"tough":28,"red250":0.8,"eva":0.489,"dodge":0.489,"hit":5,"spd":1.4,"critC":0.05,"critD":1.5,"dps":6.5,"arrow":0,"mana":440,"regen":13.9,"sp":1.58,"fire":1,"ice":1,"holy":1,"lightning":1,"blood":1,"ender":1,"nature":1418.2,"evoc":1,"eld":1,"summon":1,"cdr":2.25,"nodes":100}
chasseur-tresors milieu {"hp":169,"armor":74,"tough":16,"red250":0.8,"eva":0.073,"dodge":0.073,"hit":41.3,"spd":2.3,"critC":0.05,"critD":1.5,"dps":87.9,"arrow":7.8,"mana":100,"regen":2,"sp":1,"fire":1,"ice":1,"holy":1,"lightning":1,"blood":1,"ender":1,"nature":1,"evoc":1,"eld":1,"summon":1,"cdr":1,"nodes":45}
chasseur-tresors fin {"hp":346,"armor":70,"tough":16,"red250":0.8,"eva":0.284,"dodge":0.749,"hit":210.5,"spd":4.27,"critC":1.9,"critD":2.91,"dps":5488.9,"arrow":0,"mana":100,"regen":2,"sp":1,"fire":1,"ice":1,"holy":1,"lightning":1,"blood":1,"ender":1,"nature":1,"evoc":1,"eld":1,"summon":1,"cdr":1,"nodes":100}
OK 24
